// Jest Snapshot v1, https://goo.gl/fbAQLP

exports[`Some component renders correctly 1`] = `
<View
  style={
    Array [
      Object {
        "backgroundColor": "#fff",
      },
      Object {
        "alignItems": "center",
        "flex": 1,
        "justifyContent": "center",
      },
    ]
  }
>
  <Text
    style={
      Array [
        Object {
          "color": "#000",
        },
        Object {
          "fontSize": 20,
          "fontWeight": "bold",
        },
      ]
    }
  >
    Account
  </Text>
  <View
    style={
      Array [
        Object {
          "backgroundColor": "#eee",
        },
        Object {
          "height": 1,
          "marginVertical": 30,
          "width": "80%",
        },
      ]
    }
  />
  <View
    accessibilityRole="button"
    accessibilityState={Object {}}
    accessible={true}
    focusable={true}
    onClick={[Function]}
    onResponderGrant={[Function]}
    onResponderMove={[Function]}
    onResponderRelease={[Function]}
    onResponderTerminate={[Function]}
    onResponderTerminationRequest={[Function]}
    onStartShouldSetResponder={[Function]}
    style={
      Object {
        "opacity": 1,
      }
    }
  >
    <View
      style={
        Array [
          Object {},
        ]
      }
    >
      <Text
        style={
          Array [
            Object {
              "color": "#007AFF",
              "fontSize": 18,
              "margin": 8,
              "textAlign": "center",
            },
            Object {
              "color": "#8b0000",
            },
          ]
        }
      >
        Sign Out
      </Text>
    </View>
  </View>
</View>
`;
